Error on airport
'NoneType' object is not subscriptable
Traceback (most recent call last):
  File "/srv/archivo/gsoc-search/DBpedia_document_ontology_extraction/main.py", line 183, in <module>
    endpoint_t_box, t_box_index, normalizer = createIndexes(embedding_function, methodology, ontology, search_type)
  File "/srv/archivo/gsoc-search/DBpedia_document_ontology_extraction/create_indexes.py", line 68, in createIndexes
    t_box_index = TBoxIndex(endpoint_t_box,normalizer,embedding_function,embedding_method,search_type=search_type)
  File "/srv/archivo/gsoc-search/DBpedia_document_ontology_extraction/index/vector_distance_index.py", line 195, in __init__
    super().__init__(path_index, endpoint, normalizer, embedding_function, embedding_method)
  File "/srv/archivo/gsoc-search/DBpedia_document_ontology_extraction/index/vector_distance_index.py", line 24, in __init__
    self.loadTerms(endpoint)
  File "/srv/archivo/gsoc-search/DBpedia_document_ontology_extraction/index/vector_distance_index.py", line 198, in loadTerms
    self.terms = endpoint.listTerms()
  File "/srv/archivo/gsoc-search/DBpedia_document_ontology_extraction/sparql/Endpoint.py", line 413, in listTerms
    qtd = self.unpackNumber(self.run_sparql(count_query)[0]["?qtd_max"])
TypeError: 'NoneType' object is not subscriptable
